2025-01-28T02:16:27.364+03:00  INFO 29232 --- [ms_deal] [restartedMain] ru.deal.DealApplication                  : Starting DealApplication using Java 21.0.2 with PID 29232 (D:\Проекты\NeoFlex\Calculator_Neoflex\MS_Deal\target\classes started by Admin in D:\Проекты\NeoFlex\Calculator_Neoflex)
2025-01-28T02:16:27.366+03:00  INFO 29232 --- [ms_deal] [restartedMain] ru.deal.DealApplication                  : No active profile set, falling back to 1 default profile: "default"
2025-01-28T02:16:27.421+03:00  INFO 29232 --- [ms_deal] [restartedMain] .e.DevToolsPropertyDefaultsPostProcessor : Devtools property defaults active! Set 'spring.devtools.add-properties' to 'false' to disable
2025-01-28T02:16:27.422+03:00  INFO 29232 --- [ms_deal] [restartedMain] .e.DevToolsPropertyDefaultsPostProcessor : For additional web related logging consider setting the 'logging.level.web' property to 'DEBUG'
2025-01-28T02:16:28.281+03:00  INFO 29232 --- [ms_deal] [restartedMain] .s.d.r.c.RepositoryConfigurationDelegate : Bootstrapping Spring Data JPA repositories in DEFAULT mode.
2025-01-28T02:16:28.363+03:00  INFO 29232 --- [ms_deal] [restartedMain] .s.d.r.c.RepositoryConfigurationDelegate : Finished Spring Data repository scanning in 71 ms. Found 3 JPA repository interfaces.
2025-01-28T02:16:29.040+03:00  INFO 29232 --- [ms_deal] [restartedMain] o.s.cloud.context.scope.GenericScope     : BeanFactory id=0ef47577-d605-38b8-bc0e-0bc5fb447f80
2025-01-28T02:16:29.590+03:00  INFO 29232 --- [ms_deal] [restartedMain] o.s.b.w.embedded.tomcat.TomcatWebServer  : Tomcat initialized with port 8081 (http)
2025-01-28T02:16:29.606+03:00  INFO 29232 --- [ms_deal] [restartedMain] o.apache.catalina.core.StandardService   : Starting service [Tomcat]
2025-01-28T02:16:29.607+03:00  INFO 29232 --- [ms_deal] [restartedMain] o.apache.catalina.core.StandardEngine    : Starting Servlet engine: [Apache Tomcat/10.1.31]
2025-01-28T02:16:29.681+03:00  INFO 29232 --- [ms_deal] [restartedMain] o.a.c.c.C.[Tomcat].[localhost].[/]       : Initializing Spring embedded WebApplicationContext
2025-01-28T02:16:29.681+03:00  INFO 29232 --- [ms_deal] [restartedMain] w.s.c.ServletWebServerApplicationContext : Root WebApplicationContext: initialization completed in 2259 ms
2025-01-28T02:16:29.713+03:00  INFO 29232 --- [ms_deal] [restartedMain] com.zaxxer.hikari.HikariDataSource       : HikariPool-1 - Starting...
2025-01-28T02:16:29.914+03:00  INFO 29232 --- [ms_deal] [restartedMain] com.zaxxer.hikari.pool.HikariPool        : HikariPool-1 - Added connection org.postgresql.jdbc.PgConnection@25052fb0
2025-01-28T02:16:29.916+03:00  INFO 29232 --- [ms_deal] [restartedMain] com.zaxxer.hikari.HikariDataSource       : HikariPool-1 - Start completed.
2025-01-28T02:16:29.927+03:00  INFO 29232 --- [ms_deal] [restartedMain] o.s.b.a.h2.H2ConsoleAutoConfiguration    : H2 console available at '/h2-console'. Database available at 'jdbc:postgresql://localhost:5432/neoflex_calculator'
2025-01-28T02:16:30.311+03:00  INFO 29232 --- [ms_deal] [restartedMain] liquibase.database                       : Set default schema name to public
2025-01-28T02:16:30.840+03:00  INFO 29232 --- [ms_deal] [restartedMain] liquibase.changelog                      : Reading from public.databasechangelog
2025-01-28T02:16:30.908+03:00  INFO 29232 --- [ms_deal] [restartedMain] liquibase.ui                             : Database is up to date, no changesets to execute
2025-01-28T02:16:30.911+03:00  INFO 29232 --- [ms_deal] [restartedMain] liquibase.changelog                      : Reading from public.databasechangelog
2025-01-28T02:16:30.924+03:00  INFO 29232 --- [ms_deal] [restartedMain] liquibase.util                           : UPDATE SUMMARY
2025-01-28T02:16:30.924+03:00  INFO 29232 --- [ms_deal] [restartedMain] liquibase.util                           : Run:                          0
2025-01-28T02:16:30.924+03:00  INFO 29232 --- [ms_deal] [restartedMain] liquibase.util                           : Previously run:               4
2025-01-28T02:16:30.924+03:00  INFO 29232 --- [ms_deal] [restartedMain] liquibase.util                           : Filtered out:                 0
2025-01-28T02:16:30.924+03:00  INFO 29232 --- [ms_deal] [restartedMain] liquibase.util                           : -------------------------------
2025-01-28T02:16:30.924+03:00  INFO 29232 --- [ms_deal] [restartedMain] liquibase.util                           : Total change sets:            4
2025-01-28T02:16:30.926+03:00  INFO 29232 --- [ms_deal] [restartedMain] liquibase.util                           : Update summary generated
2025-01-28T02:16:30.979+03:00  INFO 29232 --- [ms_deal] [restartedMain] liquibase.lockservice                    : Successfully released change log lock
2025-01-28T02:16:30.981+03:00  INFO 29232 --- [ms_deal] [restartedMain] liquibase.command                        : Command execution complete
2025-01-28T02:16:31.094+03:00  INFO 29232 --- [ms_deal] [restartedMain] o.hibernate.jpa.internal.util.LogHelper  : HHH000204: Processing PersistenceUnitInfo [name: default]
2025-01-28T02:16:31.189+03:00  INFO 29232 --- [ms_deal] [restartedMain] org.hibernate.Version                    : HHH000412: Hibernate ORM core version 6.5.3.Final
2025-01-28T02:16:31.238+03:00  INFO 29232 --- [ms_deal] [restartedMain] o.h.c.internal.RegionFactoryInitiator    : HHH000026: Second-level cache disabled
2025-01-28T02:16:31.687+03:00  INFO 29232 --- [ms_deal] [restartedMain] o.s.o.j.p.SpringPersistenceUnitInfo      : No LoadTimeWeaver setup: ignoring JPA class transformer
2025-01-28T02:16:31.763+03:00  WARN 29232 --- [ms_deal] [restartedMain] org.hibernate.orm.deprecation            : HHH90000025: PostgreSQLDialect does not need to be specified explicitly using 'hibernate.dialect' (remove the property setting and it will be selected by default)
2025-01-28T02:16:33.011+03:00  INFO 29232 --- [ms_deal] [restartedMain] o.h.e.t.j.p.i.JtaPlatformInitiator       : HHH000489: No JTA platform available (set 'hibernate.transaction.jta.platform' to enable JTA platform integration)
2025-01-28T02:16:33.065+03:00  INFO 29232 --- [ms_deal] [restartedMain] j.LocalContainerEntityManagerFactoryBean : Initialized JPA EntityManagerFactory for persistence unit 'default'
2025-01-28T02:16:33.554+03:00  WARN 29232 --- [ms_deal] [restartedMain] JpaBaseConfiguration$JpaWebConfiguration : spring.jpa.open-in-view is enabled by default. Therefore, database queries may be performed during view rendering. Explicitly configure spring.jpa.open-in-view to disable this warning
2025-01-28T02:16:33.599+03:00  WARN 29232 --- [ms_deal] [restartedMain] o.s.b.d.a.OptionalLiveReloadServer       : Unable to start LiveReload server
2025-01-28T02:16:35.309+03:00  INFO 29232 --- [ms_deal] [restartedMain] o.s.cloud.commons.util.InetUtils         : Cannot determine local hostname
2025-01-28T02:16:35.385+03:00  INFO 29232 --- [ms_deal] [restartedMain] o.s.b.w.embedded.tomcat.TomcatWebServer  : Tomcat started on port 8081 (http) with context path '/'
2025-01-28T02:16:36.398+03:00  INFO 29232 --- [ms_deal] [restartedMain] o.s.cloud.commons.util.InetUtils         : Cannot determine local hostname
2025-01-28T02:16:36.404+03:00  INFO 29232 --- [ms_deal] [restartedMain] ru.deal.DealApplication                  : Started DealApplication in 10.539 seconds (process running for 11.268)
2025-01-28T02:20:34.409+03:00  INFO 29232 --- [ms_deal] [SpringApplicationShutdownHook] j.LocalContainerEntityManagerFactoryBean : Closing JPA EntityManagerFactory for persistence unit 'default'
2025-01-28T02:20:34.412+03:00  INFO 29232 --- [ms_deal] [SpringApplicationShutdownHook] com.zaxxer.hikari.HikariDataSource       : HikariPool-1 - Shutdown initiated...
2025-01-28T02:20:34.415+03:00  INFO 29232 --- [ms_deal] [SpringApplicationShutdownHook] com.zaxxer.hikari.HikariDataSource       : HikariPool-1 - Shutdown completed.
2025-01-29T12:39:18.504+03:00  INFO 16192 --- [ms_deal] [restartedMain] ru.deal.DealApplication                  : Starting DealApplication using Java 21.0.2 with PID 16192 (D:\Проекты\NeoFlex\Calculator_Neoflex\MS_Deal\target\classes started by Admin in D:\Проекты\NeoFlex\Calculator_Neoflex)
2025-01-29T12:39:18.507+03:00  INFO 16192 --- [ms_deal] [restartedMain] ru.deal.DealApplication                  : No active profile set, falling back to 1 default profile: "default"
2025-01-29T12:39:18.581+03:00  INFO 16192 --- [ms_deal] [restartedMain] .e.DevToolsPropertyDefaultsPostProcessor : Devtools property defaults active! Set 'spring.devtools.add-properties' to 'false' to disable
2025-01-29T12:39:18.581+03:00  INFO 16192 --- [ms_deal] [restartedMain] .e.DevToolsPropertyDefaultsPostProcessor : For additional web related logging consider setting the 'logging.level.web' property to 'DEBUG'
2025-01-29T12:39:19.524+03:00  INFO 16192 --- [ms_deal] [restartedMain] .s.d.r.c.RepositoryConfigurationDelegate : Bootstrapping Spring Data JPA repositories in DEFAULT mode.
2025-01-29T12:39:19.584+03:00  INFO 16192 --- [ms_deal] [restartedMain] .s.d.r.c.RepositoryConfigurationDelegate : Finished Spring Data repository scanning in 51 ms. Found 3 JPA repository interfaces.
2025-01-29T12:39:20.216+03:00  INFO 16192 --- [ms_deal] [restartedMain] o.s.cloud.context.scope.GenericScope     : BeanFactory id=0ef47577-d605-38b8-bc0e-0bc5fb447f80
2025-01-29T12:39:20.800+03:00  INFO 16192 --- [ms_deal] [restartedMain] o.s.b.w.embedded.tomcat.TomcatWebServer  : Tomcat initialized with port 8081 (http)
2025-01-29T12:39:20.818+03:00  INFO 16192 --- [ms_deal] [restartedMain] o.apache.catalina.core.StandardService   : Starting service [Tomcat]
2025-01-29T12:39:20.818+03:00  INFO 16192 --- [ms_deal] [restartedMain] o.apache.catalina.core.StandardEngine    : Starting Servlet engine: [Apache Tomcat/10.1.31]
2025-01-29T12:39:20.888+03:00  INFO 16192 --- [ms_deal] [restartedMain] o.a.c.c.C.[Tomcat].[localhost].[/]       : Initializing Spring embedded WebApplicationContext
2025-01-29T12:39:20.889+03:00  INFO 16192 --- [ms_deal] [restartedMain] w.s.c.ServletWebServerApplicationContext : Root WebApplicationContext: initialization completed in 2307 ms
2025-01-29T12:39:20.921+03:00  INFO 16192 --- [ms_deal] [restartedMain] com.zaxxer.hikari.HikariDataSource       : HikariPool-1 - Starting...
2025-01-29T12:39:21.192+03:00  INFO 16192 --- [ms_deal] [restartedMain] com.zaxxer.hikari.pool.HikariPool        : HikariPool-1 - Added connection org.postgresql.jdbc.PgConnection@44d5f230
2025-01-29T12:39:21.195+03:00  INFO 16192 --- [ms_deal] [restartedMain] com.zaxxer.hikari.HikariDataSource       : HikariPool-1 - Start completed.
2025-01-29T12:39:21.210+03:00  INFO 16192 --- [ms_deal] [restartedMain] o.s.b.a.h2.H2ConsoleAutoConfiguration    : H2 console available at '/h2-console'. Database available at 'jdbc:postgresql://localhost:5432/neoflex_calculator'
2025-01-29T12:39:21.756+03:00  INFO 16192 --- [ms_deal] [restartedMain] liquibase.database                       : Set default schema name to public
2025-01-29T12:39:22.497+03:00  INFO 16192 --- [ms_deal] [restartedMain] liquibase.changelog                      : Reading from public.databasechangelog
2025-01-29T12:39:22.555+03:00  INFO 16192 --- [ms_deal] [restartedMain] liquibase.ui                             : Database is up to date, no changesets to execute
2025-01-29T12:39:22.556+03:00  INFO 16192 --- [ms_deal] [restartedMain] liquibase.changelog                      : Reading from public.databasechangelog
2025-01-29T12:39:22.566+03:00  INFO 16192 --- [ms_deal] [restartedMain] liquibase.util                           : UPDATE SUMMARY
2025-01-29T12:39:22.566+03:00  INFO 16192 --- [ms_deal] [restartedMain] liquibase.util                           : Run:                          0
2025-01-29T12:39:22.566+03:00  INFO 16192 --- [ms_deal] [restartedMain] liquibase.util                           : Previously run:               4
2025-01-29T12:39:22.566+03:00  INFO 16192 --- [ms_deal] [restartedMain] liquibase.util                           : Filtered out:                 0
2025-01-29T12:39:22.566+03:00  INFO 16192 --- [ms_deal] [restartedMain] liquibase.util                           : -------------------------------
2025-01-29T12:39:22.566+03:00  INFO 16192 --- [ms_deal] [restartedMain] liquibase.util                           : Total change sets:            4
2025-01-29T12:39:22.567+03:00  INFO 16192 --- [ms_deal] [restartedMain] liquibase.util                           : Update summary generated
2025-01-29T12:39:22.622+03:00  INFO 16192 --- [ms_deal] [restartedMain] liquibase.lockservice                    : Successfully released change log lock
2025-01-29T12:39:22.624+03:00  INFO 16192 --- [ms_deal] [restartedMain] liquibase.command                        : Command execution complete
2025-01-29T12:39:22.749+03:00  INFO 16192 --- [ms_deal] [restartedMain] o.hibernate.jpa.internal.util.LogHelper  : HHH000204: Processing PersistenceUnitInfo [name: default]
2025-01-29T12:39:22.884+03:00  INFO 16192 --- [ms_deal] [restartedMain] org.hibernate.Version                    : HHH000412: Hibernate ORM core version 6.5.3.Final
2025-01-29T12:39:22.953+03:00  INFO 16192 --- [ms_deal] [restartedMain] o.h.c.internal.RegionFactoryInitiator    : HHH000026: Second-level cache disabled
2025-01-29T12:39:23.466+03:00  INFO 16192 --- [ms_deal] [restartedMain] o.s.o.j.p.SpringPersistenceUnitInfo      : No LoadTimeWeaver setup: ignoring JPA class transformer
2025-01-29T12:39:23.573+03:00  WARN 16192 --- [ms_deal] [restartedMain] org.hibernate.orm.deprecation            : HHH90000025: PostgreSQLDialect does not need to be specified explicitly using 'hibernate.dialect' (remove the property setting and it will be selected by default)
2025-01-29T12:39:24.949+03:00  INFO 16192 --- [ms_deal] [restartedMain] o.h.e.t.j.p.i.JtaPlatformInitiator       : HHH000489: No JTA platform available (set 'hibernate.transaction.jta.platform' to enable JTA platform integration)
2025-01-29T12:39:25.045+03:00  INFO 16192 --- [ms_deal] [restartedMain] j.LocalContainerEntityManagerFactoryBean : Initialized JPA EntityManagerFactory for persistence unit 'default'
2025-01-29T12:39:25.502+03:00  WARN 16192 --- [ms_deal] [restartedMain] JpaBaseConfiguration$JpaWebConfiguration : spring.jpa.open-in-view is enabled by default. Therefore, database queries may be performed during view rendering. Explicitly configure spring.jpa.open-in-view to disable this warning
2025-01-29T12:39:25.554+03:00  WARN 16192 --- [ms_deal] [restartedMain] o.s.b.d.a.OptionalLiveReloadServer       : Unable to start LiveReload server
2025-01-29T12:39:27.206+03:00  INFO 16192 --- [ms_deal] [restartedMain] o.s.cloud.commons.util.InetUtils         : Cannot determine local hostname
2025-01-29T12:39:27.635+03:00  INFO 16192 --- [ms_deal] [restartedMain] o.s.b.w.embedded.tomcat.TomcatWebServer  : Tomcat started on port 8081 (http) with context path '/'
2025-01-29T12:39:28.640+03:00  INFO 16192 --- [ms_deal] [restartedMain] o.s.cloud.commons.util.InetUtils         : Cannot determine local hostname
2025-01-29T12:39:28.648+03:00  INFO 16192 --- [ms_deal] [restartedMain] ru.deal.DealApplication                  : Started DealApplication in 11.696 seconds (process running for 12.559)
2025-01-29T12:40:30.004+03:00  INFO 16192 --- [ms_deal] [http-nio-8081-exec-2] o.a.c.c.C.[Tomcat].[localhost].[/]       : Initializing Spring DispatcherServlet 'dispatcherServlet'
2025-01-29T12:40:30.005+03:00  INFO 16192 --- [ms_deal] [http-nio-8081-exec-2] o.s.web.servlet.DispatcherServlet        : Initializing Servlet 'dispatcherServlet'
2025-01-29T12:40:30.007+03:00  INFO 16192 --- [ms_deal] [http-nio-8081-exec-2] o.s.web.servlet.DispatcherServlet        : Completed initialization in 2 ms
2025-01-29T12:40:30.348+03:00  INFO 16192 --- [ms_deal] [http-nio-8081-exec-2] o.a.k.clients.producer.ProducerConfig    : ProducerConfig values: 
	acks = -1
	auto.include.jmx.reporter = true
	batch.size = 16384
	bootstrap.servers = [localhost:9092]
	buffer.memory = 33554432
	client.dns.lookup = use_all_dns_ips
	client.id = ms_deal-producer-1
	compression.type = none
	connections.max.idle.ms = 540000
	delivery.timeout.ms = 120000
	enable.idempotence = true
	enable.metrics.push = true
	interceptor.classes = []
	key.serializer = class org.apache.kafka.common.serialization.StringSerializer
	linger.ms = 0
	max.block.ms = 60000
	max.in.flight.requests.per.connection = 5
	max.request.size = 1048576
	metadata.max.age.ms = 300000
	metadata.max.idle.ms = 300000
	metric.reporters = []
	metrics.num.samples = 2
	metrics.recording.level = INFO
	metrics.sample.window.ms = 30000
	partitioner.adaptive.partitioning.enable = true
	partitioner.availability.timeout.ms = 0
	partitioner.class = null
	partitioner.ignore.keys = false
	receive.buffer.bytes = 32768
	reconnect.backoff.max.ms = 1000
	reconnect.backoff.ms = 50
	request.timeout.ms = 30000
	retries = 2147483647
	retry.backoff.max.ms = 1000
	retry.backoff.ms = 100
	sasl.client.callback.handler.class = null
	sasl.jaas.config = null
	sasl.kerberos.kinit.cmd = /usr/bin/kinit
	sasl.kerberos.min.time.before.relogin = 60000
	sasl.kerberos.service.name = null
	sasl.kerberos.ticket.renew.jitter = 0.05
	sasl.kerberos.ticket.renew.window.factor = 0.8
	sasl.login.callback.handler.class = null
	sasl.login.class = null
	sasl.login.connect.timeout.ms = null
	sasl.login.read.timeout.ms = null
	sasl.login.refresh.buffer.seconds = 300
	sasl.login.refresh.min.period.seconds = 60
	sasl.login.refresh.window.factor = 0.8
	sasl.login.refresh.window.jitter = 0.05
	sasl.login.retry.backoff.max.ms = 10000
	sasl.login.retry.backoff.ms = 100
	sasl.mechanism = GSSAPI
	sasl.oauthbearer.clock.skew.seconds = 30
	sasl.oauthbearer.expected.audience = null
	sasl.oauthbearer.expected.issuer = null
	sasl.oauthbearer.jwks.endpoint.refresh.ms = 3600000
	sasl.oauthbearer.jwks.endpoint.retry.backoff.max.ms = 10000
	sasl.oauthbearer.jwks.endpoint.retry.backoff.ms = 100
	sasl.oauthbearer.jwks.endpoint.url = null
	sasl.oauthbearer.scope.claim.name = scope
	sasl.oauthbearer.sub.claim.name = sub
	sasl.oauthbearer.token.endpoint.url = null
	security.protocol = PLAINTEXT
	security.providers = null
	send.buffer.bytes = 131072
	socket.connection.setup.timeout.max.ms = 30000
	socket.connection.setup.timeout.ms = 10000
	ssl.cipher.suites = null
	ssl.enabled.protocols = [TLSv1.2, TLSv1.3]
	ssl.endpoint.identification.algorithm = https
	ssl.engine.factory.class = null
	ssl.key.password = null
	ssl.keymanager.algorithm = SunX509
	ssl.keystore.certificate.chain = null
	ssl.keystore.key = null
	ssl.keystore.location = null
	ssl.keystore.password = null
	ssl.keystore.type = JKS
	ssl.protocol = TLSv1.3
	ssl.provider = null
	ssl.secure.random.implementation = null
	ssl.trustmanager.algorithm = PKIX
	ssl.truststore.certificates = null
	ssl.truststore.location = null
	ssl.truststore.password = null
	ssl.truststore.type = JKS
	transaction.timeout.ms = 60000
	transactional.id = null
	value.serializer = class org.springframework.kafka.support.serializer.JsonSerializer

2025-01-29T12:40:30.389+03:00  INFO 16192 --- [ms_deal] [http-nio-8081-exec-2] o.a.k.c.t.i.KafkaMetricsCollector        : initializing Kafka metrics collector
2025-01-29T12:40:30.412+03:00  INFO 16192 --- [ms_deal] [http-nio-8081-exec-2] o.a.k.clients.producer.KafkaProducer     : [Producer clientId=ms_deal-producer-1] Instantiated an idempotent producer.
2025-01-29T12:40:30.463+03:00  INFO 16192 --- [ms_deal] [http-nio-8081-exec-2] o.a.kafka.common.utils.AppInfoParser     : Kafka version: 3.7.1
2025-01-29T12:40:30.464+03:00  INFO 16192 --- [ms_deal] [http-nio-8081-exec-2] o.a.kafka.common.utils.AppInfoParser     : Kafka commitId: e2494e6ffb89f828
2025-01-29T12:40:30.464+03:00  INFO 16192 --- [ms_deal] [http-nio-8081-exec-2] o.a.kafka.common.utils.AppInfoParser     : Kafka startTimeMs: 1738143630462
2025-01-29T12:40:30.894+03:00  INFO 16192 --- [ms_deal] [kafka-producer-network-thread | ms_deal-producer-1] org.apache.kafka.clients.Metadata        : [Producer clientId=ms_deal-producer-1] Cluster ID: jmhMD_wZQNOR7wW8MvhPGQ
2025-01-29T12:40:30.928+03:00  INFO 16192 --- [ms_deal] [http-nio-8081-exec-2] ru.deal.service.KafkaService             : Опубликовано сообщение EmailMessageDto(address=kabacheknikita04@gmail.com, theme=sendDocuments, statementId=001591af-c9ba-450b-b7db-6386b1b0ece1, text=Документы отправлены)
2025-01-29T12:40:31.009+03:00  INFO 16192 --- [ms_deal] [kafka-producer-network-thread | ms_deal-producer-1] o.a.k.c.p.internals.TransactionManager   : [Producer clientId=ms_deal-producer-1] ProducerId set to 4000 with epoch 0
2025-01-29T12:40:53.830+03:00  INFO 16192 --- [ms_deal] [SpringApplicationShutdownHook] o.a.k.clients.producer.KafkaProducer     : [Producer clientId=ms_deal-producer-1] Closing the Kafka producer with timeoutMillis = 30000 ms.
2025-01-29T12:40:53.836+03:00  INFO 16192 --- [ms_deal] [SpringApplicationShutdownHook] o.apache.kafka.common.metrics.Metrics    : Metrics scheduler closed
2025-01-29T12:40:53.836+03:00  INFO 16192 --- [ms_deal] [SpringApplicationShutdownHook] o.apache.kafka.common.metrics.Metrics    : Closing reporter org.apache.kafka.common.metrics.JmxReporter
2025-01-29T12:40:53.837+03:00  INFO 16192 --- [ms_deal] [SpringApplicationShutdownHook] o.apache.kafka.common.metrics.Metrics    : Closing reporter org.apache.kafka.common.telemetry.internals.ClientTelemetryReporter
2025-01-29T12:40:53.837+03:00  INFO 16192 --- [ms_deal] [SpringApplicationShutdownHook] o.apache.kafka.common.metrics.Metrics    : Metrics reporters closed
2025-01-29T12:40:53.837+03:00  INFO 16192 --- [ms_deal] [SpringApplicationShutdownHook] o.a.kafka.common.utils.AppInfoParser     : App info kafka.producer for ms_deal-producer-1 unregistered
2025-01-29T12:40:53.840+03:00  INFO 16192 --- [ms_deal] [SpringApplicationShutdownHook] j.LocalContainerEntityManagerFactoryBean : Closing JPA EntityManagerFactory for persistence unit 'default'
2025-01-29T12:40:53.843+03:00  INFO 16192 --- [ms_deal] [SpringApplicationShutdownHook] com.zaxxer.hikari.HikariDataSource       : HikariPool-1 - Shutdown initiated...
2025-01-29T12:40:53.845+03:00  INFO 16192 --- [ms_deal] [SpringApplicationShutdownHook] com.zaxxer.hikari.HikariDataSource       : HikariPool-1 - Shutdown completed.
2025-01-29T13:08:06.393+03:00  INFO 5900 --- [ms_deal] [restartedMain] ru.deal.DealApplication                  : Starting DealApplication using Java 21.0.2 with PID 5900 (D:\Проекты\NeoFlex\Calculator_Neoflex\MS_Deal\target\classes started by Admin in D:\Проекты\NeoFlex\Calculator_Neoflex)
2025-01-29T13:08:06.413+03:00  INFO 5900 --- [ms_deal] [restartedMain] ru.deal.DealApplication                  : No active profile set, falling back to 1 default profile: "default"
2025-01-29T13:08:06.481+03:00  INFO 5900 --- [ms_deal] [restartedMain] .e.DevToolsPropertyDefaultsPostProcessor : Devtools property defaults active! Set 'spring.devtools.add-properties' to 'false' to disable
2025-01-29T13:08:06.481+03:00  INFO 5900 --- [ms_deal] [restartedMain] .e.DevToolsPropertyDefaultsPostProcessor : For additional web related logging consider setting the 'logging.level.web' property to 'DEBUG'
2025-01-29T13:08:07.549+03:00  INFO 5900 --- [ms_deal] [restartedMain] .s.d.r.c.RepositoryConfigurationDelegate : Bootstrapping Spring Data JPA repositories in DEFAULT mode.
2025-01-29T13:08:07.599+03:00  INFO 5900 --- [ms_deal] [restartedMain] .s.d.r.c.RepositoryConfigurationDelegate : Finished Spring Data repository scanning in 43 ms. Found 3 JPA repository interfaces.
2025-01-29T13:08:08.137+03:00  INFO 5900 --- [ms_deal] [restartedMain] o.s.cloud.context.scope.GenericScope     : BeanFactory id=0ef47577-d605-38b8-bc0e-0bc5fb447f80
2025-01-29T13:08:08.683+03:00  INFO 5900 --- [ms_deal] [restartedMain] o.s.b.w.embedded.tomcat.TomcatWebServer  : Tomcat initialized with port 8081 (http)
2025-01-29T13:08:08.699+03:00  INFO 5900 --- [ms_deal] [restartedMain] o.apache.catalina.core.StandardService   : Starting service [Tomcat]
2025-01-29T13:08:08.699+03:00  INFO 5900 --- [ms_deal] [restartedMain] o.apache.catalina.core.StandardEngine    : Starting Servlet engine: [Apache Tomcat/10.1.31]
2025-01-29T13:08:08.775+03:00  INFO 5900 --- [ms_deal] [restartedMain] o.a.c.c.C.[Tomcat].[localhost].[/]       : Initializing Spring embedded WebApplicationContext
2025-01-29T13:08:08.775+03:00  INFO 5900 --- [ms_deal] [restartedMain] w.s.c.ServletWebServerApplicationContext : Root WebApplicationContext: initialization completed in 2293 ms
2025-01-29T13:08:08.815+03:00  INFO 5900 --- [ms_deal] [restartedMain] com.zaxxer.hikari.HikariDataSource       : HikariPool-1 - Starting...
2025-01-29T13:08:09.017+03:00  INFO 5900 --- [ms_deal] [restartedMain] com.zaxxer.hikari.pool.HikariPool        : HikariPool-1 - Added connection org.postgresql.jdbc.PgConnection@415881d8
2025-01-29T13:08:09.019+03:00  INFO 5900 --- [ms_deal] [restartedMain] com.zaxxer.hikari.HikariDataSource       : HikariPool-1 - Start completed.
2025-01-29T13:08:09.028+03:00  INFO 5900 --- [ms_deal] [restartedMain] o.s.b.a.h2.H2ConsoleAutoConfiguration    : H2 console available at '/h2-console'. Database available at 'jdbc:postgresql://localhost:5432/neoflex_calculator'
2025-01-29T13:08:09.381+03:00  INFO 5900 --- [ms_deal] [restartedMain] liquibase.database                       : Set default schema name to public
2025-01-29T13:08:09.955+03:00  INFO 5900 --- [ms_deal] [restartedMain] liquibase.changelog                      : Reading from public.databasechangelog
2025-01-29T13:08:10.041+03:00  INFO 5900 --- [ms_deal] [restartedMain] liquibase.lockservice                    : Successfully acquired change log lock
2025-01-29T13:08:10.042+03:00  INFO 5900 --- [ms_deal] [restartedMain] liquibase.command                        : Using deploymentId: 8145290042
2025-01-29T13:08:10.044+03:00  INFO 5900 --- [ms_deal] [restartedMain] liquibase.changelog                      : Reading from public.databasechangelog
2025-01-29T13:08:10.048+03:00  INFO 5900 --- [ms_deal] [restartedMain] liquibase.ui                             : Running Changeset: db/changelog/changeset-sesCode-type.xml::change-sesCode-type::robinx51
2025-01-29T13:08:10.077+03:00  INFO 5900 --- [ms_deal] [restartedMain] liquibase.changelog                      : Custom SQL executed
2025-01-29T13:08:10.080+03:00  INFO 5900 --- [ms_deal] [restartedMain] liquibase.changelog                      : ChangeSet db/changelog/changeset-sesCode-type.xml::change-sesCode-type::robinx51 ran successfully in 31ms
2025-01-29T13:08:10.090+03:00  INFO 5900 --- [ms_deal] [restartedMain] liquibase.util                           : UPDATE SUMMARY
2025-01-29T13:08:10.091+03:00  INFO 5900 --- [ms_deal] [restartedMain] liquibase.util                           : Run:                          1
2025-01-29T13:08:10.091+03:00  INFO 5900 --- [ms_deal] [restartedMain] liquibase.util                           : Previously run:               4
2025-01-29T13:08:10.091+03:00  INFO 5900 --- [ms_deal] [restartedMain] liquibase.util                           : Filtered out:                 0
2025-01-29T13:08:10.091+03:00  INFO 5900 --- [ms_deal] [restartedMain] liquibase.util                           : -------------------------------
2025-01-29T13:08:10.091+03:00  INFO 5900 --- [ms_deal] [restartedMain] liquibase.util                           : Total change sets:            5
2025-01-29T13:08:10.092+03:00  INFO 5900 --- [ms_deal] [restartedMain] liquibase.util                           : Update summary generated
2025-01-29T13:08:10.094+03:00  INFO 5900 --- [ms_deal] [restartedMain] liquibase.command                        : Update command completed successfully.
2025-01-29T13:08:10.094+03:00  INFO 5900 --- [ms_deal] [restartedMain] liquibase.ui                             : Liquibase: Update has been successful. Rows affected: 1
2025-01-29T13:08:10.096+03:00  INFO 5900 --- [ms_deal] [restartedMain] liquibase.lockservice                    : Successfully released change log lock
2025-01-29T13:08:10.097+03:00  INFO 5900 --- [ms_deal] [restartedMain] liquibase.command                        : Command execution complete
2025-01-29T13:08:10.188+03:00  INFO 5900 --- [ms_deal] [restartedMain] o.hibernate.jpa.internal.util.LogHelper  : HHH000204: Processing PersistenceUnitInfo [name: default]
2025-01-29T13:08:10.300+03:00  INFO 5900 --- [ms_deal] [restartedMain] org.hibernate.Version                    : HHH000412: Hibernate ORM core version 6.5.3.Final
2025-01-29T13:08:10.350+03:00  INFO 5900 --- [ms_deal] [restartedMain] o.h.c.internal.RegionFactoryInitiator    : HHH000026: Second-level cache disabled
2025-01-29T13:08:10.742+03:00  INFO 5900 --- [ms_deal] [restartedMain] o.s.o.j.p.SpringPersistenceUnitInfo      : No LoadTimeWeaver setup: ignoring JPA class transformer
2025-01-29T13:08:10.825+03:00  WARN 5900 --- [ms_deal] [restartedMain] org.hibernate.orm.deprecation            : HHH90000025: PostgreSQLDialect does not need to be specified explicitly using 'hibernate.dialect' (remove the property setting and it will be selected by default)
2025-01-29T13:08:11.988+03:00  INFO 5900 --- [ms_deal] [restartedMain] o.h.e.t.j.p.i.JtaPlatformInitiator       : HHH000489: No JTA platform available (set 'hibernate.transaction.jta.platform' to enable JTA platform integration)
2025-01-29T13:08:12.046+03:00  INFO 5900 --- [ms_deal] [restartedMain] j.LocalContainerEntityManagerFactoryBean : Initialized JPA EntityManagerFactory for persistence unit 'default'
2025-01-29T13:08:12.511+03:00  WARN 5900 --- [ms_deal] [restartedMain] JpaBaseConfiguration$JpaWebConfiguration : spring.jpa.open-in-view is enabled by default. Therefore, database queries may be performed during view rendering. Explicitly configure spring.jpa.open-in-view to disable this warning
2025-01-29T13:08:12.559+03:00  INFO 5900 --- [ms_deal] [restartedMain] o.s.b.d.a.OptionalLiveReloadServer       : LiveReload server is running on port 35729
2025-01-29T13:08:14.239+03:00  INFO 5900 --- [ms_deal] [restartedMain] o.s.cloud.commons.util.InetUtils         : Cannot determine local hostname
2025-01-29T13:08:14.324+03:00  INFO 5900 --- [ms_deal] [restartedMain] o.s.b.w.embedded.tomcat.TomcatWebServer  : Tomcat started on port 8081 (http) with context path '/'
2025-01-29T13:08:15.330+03:00  INFO 5900 --- [ms_deal] [restartedMain] o.s.cloud.commons.util.InetUtils         : Cannot determine local hostname
2025-01-29T13:08:15.336+03:00  INFO 5900 --- [ms_deal] [restartedMain] ru.deal.DealApplication                  : Started DealApplication in 10.466 seconds (process running for 12.717)
2025-01-29T13:08:51.067+03:00  INFO 5900 --- [ms_deal] [SpringApplicationShutdownHook] j.LocalContainerEntityManagerFactoryBean : Closing JPA EntityManagerFactory for persistence unit 'default'
2025-01-29T13:08:51.070+03:00  INFO 5900 --- [ms_deal] [SpringApplicationShutdownHook] com.zaxxer.hikari.HikariDataSource       : HikariPool-1 - Shutdown initiated...
2025-01-29T13:08:51.072+03:00  INFO 5900 --- [ms_deal] [SpringApplicationShutdownHook] com.zaxxer.hikari.HikariDataSource       : HikariPool-1 - Shutdown completed.
